XXXXXXXXXXXXXXXXXXXXXXXXXXXXXXXXXXXXXXXX
X                  X       X      X    X
X  B     X    X   X   X E X   X   X    X
X   T    X    X      X       XT        X
X    X   X    XXXXXXXXXXXXXXXXXXXXX    X
X     X  X                             X
X      X X           X          X      X
X                     X    E   X X     X
X  XXXXX               X        X      X
X             X         X              X
X            X X         X   H         X
X             X           X            X
X     X                    X  XXXXXXXX X
X     X                                X
X     X      XXXXXX                    X
X  E  X      XT               XXXX     X
X     X      X  H   X         X        X
X     X      X      X         X        X
X               XXXXX         X   E    X
X                                      X
X                        X             X
X    X                   X             X
X   X X    XXXXXXXXXXXXXXX       X     X
X    X                  EX      X X    X
X                        X       XT    X
X                      XXX             X
XXXXXXX              XX                X
X     X             X                  X
X  E  X            X     XXXXXXXXX     X
X            X     X                   X
X           X       X                  X
X          X         XX                X
X         X                            X
X XXXXXXXX         XXXXXXXXXX          X
X      TX               X              X
X  H    X     X        XOX       H     X
X       X    X X      X   X            X
X       X     X      X     X           X
X                                      X
XXXXXXXXXXXXXXXXXXXXXXXXXXXXXXXXXXXXXXXX