XXXXXXXXXXXXXXXXXXXXXXXXXXXXXXXXXXXXXXXX
XO                                     X
X                                      X
X                                      X
X                                      X
X                                      X
X                                      X
X                                      X
X                                      X
X                                      X
X                                      X
X                                      X
X                                      X
X                                      X
X                                      X
X                                      X
X                                      X
X                                      X
X                                      X
X                                      X
X                                      X
X                                      X
X                                      X
X                                      X
X                                      X
X                                      X
X                                      X
X                                      X
X                                      X
X                                      X
X                                      X
X                                      X
X                                      X
X                                      X
X                                      X
X                                      X
X                                      X
X                                      X
X                                      X
XXXXXXXXXXXXXXXXXXXXXXXXXXXXXXXXXXXXXXXX