XXXXXXXXXXXXXXXXXXXXXXXXXXXXXXXXXXXXXXXX
XO                                     X
X                                      X
X                                      X
X                                      X
X                                      X
X                                      X
X                                      X
X                                      X
X                                      X
X                                      X
X                                      X
X                                      X
X                                      X
X                                      X
X                                      X
X                                      X
X                                      X
X                                      X
X                                      X
X                                      X
X                                      X
X                                      X
X                                      X
X                                      X
X                                      X
X                                      X
X                                      X
X                                      X
X                                      X
X                                      X
X                                      X
X                                      X
X                                      X
X                                      X
X                                      X
X                                      X
X                                      X
X                                      X
XXXXXXXXXXXXXXXXXXXXXXXXXXXXXXXXXXXXXXXX
metadata: {
    "easyEnemy": "Troll",
    "hardEnemy": "Dragon"
}